// Jest Snapshot v1, https://goo.gl/fbAQLP

exports[`2 1`] = `
SimpleRegistry {
  "data": Object {
    "modules": Immutable.Map {
      "test": Module {
        "classes": Immutable.Map {},
        "defaultExport": undefined,
        "exports": Immutable.Map {},
        "imports": Immutable.Map {},
        "interfaces": Immutable.Map {},
        "name": "test",
        "references": Immutable.Map {},
      },
    },
    "runId": 0,
  },
  "dataImpl": SimpleRegistryDataImpl {
    "_modules": Immutable.Map {},
    "runId": 0,
  },
  "load": true,
  "runId": undefined,
}
`;
